exports[`test renders correctly 1`] = `
<div
  className="dt-survey-group-inner-container">
  <div
    className="dt-panel dt-question-container">
    <div
      className="dt-question-header">
      Were you under the age of 31 as of June 15, 2012?
    </div>
    <div
      className="dt-question-container-horizontal"
      onChange={[Function]}
      value="">
      <div
        className="dt-radio-container">
        <input
          checked={false}
          className="dt-radio-input"
          hidden={true}
          id="radio-1-yes"
          name="radio-1-yes"
          onChange={[Function]}
          type="radio"
          value="yes" />
        <label
          className="dt-radio-label"
          htmlFor="radio-1-yes">
          Yes
        </label>
        <div
          className="dt-radio-button" />
      </div>
      <div
        className="dt-radio-container">
        <input
          checked={false}
          className="dt-radio-input"
          hidden={true}
          id="radio-1-no"
          name="radio-1-no"
          onChange={[Function]}
          type="radio"
          value="no" />
        <label
          className="dt-radio-label"
          htmlFor="radio-1-no">
          No
        </label>
        <div
          className="dt-radio-button" />
      </div>
    </div>
  </div>
  <div
    className="dt-panel dt-question-container">
    <div
      className="dt-question-header">
      When does your DACA status expire?
    </div>
    <div>
      <p
        className="control-label">
        MM/DD/YYYY
      </p>
      <input
        className="survey-input"
        list={undefined}
        onBlur={[Function]}
        onChange={[Function]}
        pattern="^\\d{2}\\/\\d{2}\\/\\d{4}$"
        placeholder="MM/DD/YYYY"
        type="text"
        value="" />
    </div>
  </div>
  <div
    className="dt-panel dt-question-container">
    <div
      className="dt-question-header">
      What is your current marital status?
    </div>
    <select
      className="survey-select"
      onChange={[Function]}
      value="">
      <option
        value="">
        Select a choice...
      </option>
      <option
        value="married">
        Married
      </option>
      <option
        value="widowed">
        Widowed
      </option>
      <option
        value="single">
        Single
      </option>
      <option
        value="divorced">
        Divorced
      </option>
    </select>
  </div>
  <div
    className="dt-panel dt-question-container">
    <div
      className="dt-question-header">
      Have you been convicted of a felony?
    </div>
    <div
      className="dt-question-explanation">
      <a
        onClick={[Function]}>
        What does this mean?
      </a>
    </div>
    <div
      className="dt-question-container-horizontal"
      onChange={[Function]}
      value="">
      <div
        className="dt-radio-container">
        <input
          checked={false}
          className="dt-radio-input"
          hidden={true}
          id="radio-4-yes"
          name="radio-4-yes"
          onChange={[Function]}
          type="radio"
          value="yes" />
        <label
          className="dt-radio-label"
          htmlFor="radio-4-yes">
          Yes
        </label>
        <div
          className="dt-radio-button" />
      </div>
      <div
        className="dt-radio-container">
        <input
          checked={false}
          className="dt-radio-input"
          hidden={true}
          id="radio-4-no"
          name="radio-4-no"
          onChange={[Function]}
          type="radio"
          value="no" />
        <label
          className="dt-radio-label"
          htmlFor="radio-4-no">
          No
        </label>
        <div
          className="dt-radio-button" />
      </div>
    </div>
    <div />
  </div>
  <div
    className="dt-survey-group-button-container">
    <div
      className="dt-button  dt-button-disabled">
      <div
        className="dt-button-text">
        Previous
      </div>
    </div>
    <div
      className="dt-button  dt-button-disabled">
      <div
        className="dt-button-text">
        Next
      </div>
    </div>
  </div>
</div>
`;
