exports[`test renders correctly 1`] = `
<div
  className="dt-panel dt-question-container">
  <div
    className="dt-question-header">
    Were you under the age of 31 as of June 15, 2012?
  </div>
  <div
    className="dt-question-container-horizontal"
    onChange={[Function]}
    value="">
    <div
      className="dt-radio-container">
      <input
        checked={false}
        className="dt-radio-input"
        hidden={true}
        id="radio-1-yes"
        name="radio-1-yes"
        onChange={[Function]}
        type="radio"
        value="yes" />
      <label
        className="dt-radio-label"
        htmlFor="radio-1-yes">
        Yes
      </label>
      <div
        className="dt-radio-button" />
    </div>
    <div
      className="dt-radio-container">
      <input
        checked={false}
        className="dt-radio-input"
        hidden={true}
        id="radio-1-no"
        name="radio-1-no"
        onChange={[Function]}
        type="radio"
        value="no" />
      <label
        className="dt-radio-label"
        htmlFor="radio-1-no">
        No
      </label>
      <div
        className="dt-radio-button" />
    </div>
  </div>
</div>
`;
