exports[`test renders correctly 1`] = `
<div
  className="dt-panel dt-question-container">
  <div
    className="dt-question-header">
    Have you been convicted of a felony?
  </div>
  <div
    className="dt-question-explanation">
    <a
      onClick={[Function]}>
      What does this mean?
    </a>
  </div>
  <div />
</div>
`;
